AR arbitro dataflow "C:/Users/Guido Di Chiara/Documents/Semestre Corrente/Architettura dei Sistemi di Elaborazione/Tesina nuova/Esercizio7/arbitro.vhd" sub00/vhpl01 1574175505
EN arbitro NULL "C:/Users/Guido Di Chiara/Documents/Semestre Corrente/Architettura dei Sistemi di Elaborazione/Tesina nuova/Esercizio7/arbitro.vhd" sub00/vhpl00 1574175504
