V3 3
FL "C:/Users/Guido Di Chiara/Documents/Semestre Corrente/Architettura dei Sistemi di Elaborazione/Tesina nuova/Esercizio7/arbitro.vhd" 2019/11/19.14:49:54 P.58f
EN work/arbitro 1574175504 \
      FL "C:/Users/Guido Di Chiara/Documents/Semestre Corrente/Architettura dei Sistemi di Elaborazione/Tesina nuova/Esercizio7/arbitro.vhd" \
      PB ieee/std_logic_1164 1364358218
AR work/arbitro/dataflow 1574175505 \
      FL "C:/Users/Guido Di Chiara/Documents/Semestre Corrente/Architettura dei Sistemi di Elaborazione/Tesina nuova/Esercizio7/arbitro.vhd" \
      EN work/arbitro 1574175504
