EN display_seven_segments NULL "C:/Users/Guido Di Chiara/Documents/Semestre Corrente/Architettura dei Sistemi di Elaborazione/Tesina/Esercizio6/Contatore_mod16_seriale/seven_segment_array.vhd" sub00/vhpl08 1580485692
EN clock_filter NULL "C:/Users/Guido Di Chiara/Documents/Semestre Corrente/Architettura dei Sistemi di Elaborazione/Tesina/Esercizio6/Contatore_mod16_seriale/Clk_filter.vhd" sub00/vhpl10 1580485694
EN cathodes_manager NULL "C:/Users/Guido Di Chiara/Documents/Semestre Corrente/Architettura dei Sistemi di Elaborazione/Tesina/Esercizio6/Contatore_mod16_seriale/cathodes_manager.vhd" sub00/vhpl04 1580485688
AR control_unit behavioral "C:/Users/Guido Di Chiara/Documents/Semestre Corrente/Architettura dei Sistemi di Elaborazione/Tesina/Esercizio6/Contatore_mod16_seriale/cu.vhd" sub00/vhpl13 1580479097
AR debouncer behavioral "C:/Users/Guido Di Chiara/Documents/Semestre Corrente/Architettura dei Sistemi di Elaborazione/Tesina/Esercizio6/Contatore_mod16_seriale/Debouncer.vhd" sub00/vhpl21 1580485697
AR anodes_manager behavioral "C:/Users/Guido Di Chiara/Documents/Semestre Corrente/Architettura dei Sistemi di Elaborazione/Tesina/Esercizio6/Contatore_mod16_seriale/anodes_instance.vhd" sub00/vhpl07 1580485691
EN contatore_mod16_seriale NULL "C:/Users/Guido Di Chiara/Documents/Semestre Corrente/Architettura dei Sistemi di Elaborazione/Tesina/Esercizio6/Contatore_mod16_seriale/Contatore_mod16_seriale.vhd" sub00/vhpl14 1580485698
EN contatore_mod16_seriale_on_board NULL "C:/Users/Guido Di Chiara/Documents/Semestre Corrente/Architettura dei Sistemi di Elaborazione/Tesina/Esercizio6/Contatore_mod16_seriale/Contatore_mod16_seriale_on_board.vhd" sub00/vhpl16 1580485702
EN counter_mod2 NULL "C:/Users/Guido Di Chiara/Documents/Semestre Corrente/Architettura dei Sistemi di Elaborazione/Tesina/Esercizio6/Contatore_mod16_seriale/Counter_instance.vhd" sub00/vhpl02 1580485686
AR clock_filter behavioral "C:/Users/Guido Di Chiara/Documents/Semestre Corrente/Architettura dei Sistemi di Elaborazione/Tesina/Esercizio6/Contatore_mod16_seriale/Clk_filter.vhd" sub00/vhpl11 1580485695
EN flip_flop_t_etd NULL "C:/Users/Guido Di Chiara/Documents/Semestre Corrente/Architettura dei Sistemi di Elaborazione/Tesina/Esercizio6/Contatore_mod16_seriale/Flip_Flop_T_etd.vhd" sub00/vhpl00 1580485684
AR cathodes_manager behavioral "C:/Users/Guido Di Chiara/Documents/Semestre Corrente/Architettura dei Sistemi di Elaborazione/Tesina/Esercizio6/Contatore_mod16_seriale/cathodes_manager.vhd" sub00/vhpl05 1580485689
AR contatore_mod16_seriale structural "C:/Users/Guido Di Chiara/Documents/Semestre Corrente/Architettura dei Sistemi di Elaborazione/Tesina/Esercizio6/Contatore_mod16_seriale/Contatore_mod16_seriale.vhd" sub00/vhpl15 1580485699
EN bin2bcd_12bit NULL "C:/Users/Guido Di Chiara/Documents/Semestre Corrente/Architettura dei Sistemi di Elaborazione/Tesina/Esercizio6/Contatore_mod16_seriale/bin2bcd_12bit.vhd" sub00/vhpl18 1580485700
EN debouncer NULL "C:/Users/Guido Di Chiara/Documents/Semestre Corrente/Architettura dei Sistemi di Elaborazione/Tesina/Esercizio6/Contatore_mod16_seriale/Debouncer.vhd" sub00/vhpl20 1580485696
EN control_unit NULL "C:/Users/Guido Di Chiara/Documents/Semestre Corrente/Architettura dei Sistemi di Elaborazione/Tesina/Esercizio6/Contatore_mod16_seriale/cu.vhd" sub00/vhpl12 1580479096
AR bin2bcd_12bit behavioral "C:/Users/Guido Di Chiara/Documents/Semestre Corrente/Architettura dei Sistemi di Elaborazione/Tesina/Esercizio6/Contatore_mod16_seriale/bin2bcd_12bit.vhd" sub00/vhpl19 1580485701
EN anodes_manager NULL "C:/Users/Guido Di Chiara/Documents/Semestre Corrente/Architettura dei Sistemi di Elaborazione/Tesina/Esercizio6/Contatore_mod16_seriale/anodes_instance.vhd" sub00/vhpl06 1580485690
AR flip_flop_t_etd behavioral "C:/Users/Guido Di Chiara/Documents/Semestre Corrente/Architettura dei Sistemi di Elaborazione/Tesina/Esercizio6/Contatore_mod16_seriale/Flip_Flop_T_etd.vhd" sub00/vhpl01 1580485685
AR counter_mod2 behavioral "C:/Users/Guido Di Chiara/Documents/Semestre Corrente/Architettura dei Sistemi di Elaborazione/Tesina/Esercizio6/Contatore_mod16_seriale/Counter_instance.vhd" sub00/vhpl03 1580485687
AR display_seven_segments structural "C:/Users/Guido Di Chiara/Documents/Semestre Corrente/Architettura dei Sistemi di Elaborazione/Tesina/Esercizio6/Contatore_mod16_seriale/seven_segment_array.vhd" sub00/vhpl09 1580485693
AR contatore_mod16_seriale_on_board structural "C:/Users/Guido Di Chiara/Documents/Semestre Corrente/Architettura dei Sistemi di Elaborazione/Tesina/Esercizio6/Contatore_mod16_seriale/Contatore_mod16_seriale_on_board.vhd" sub00/vhpl17 1580485703
