AR entita_a behavioral "C:/Users/Guido Di Chiara/Documents/Semestre Corrente/Architettura dei Sistemi di Elaborazione/Tesina/Esercizio14/Handshaking_Completo_4_Fasi/Entita_A.vhd" sub00/vhpl01 1582363815
EN entita_a NULL "C:/Users/Guido Di Chiara/Documents/Semestre Corrente/Architettura dei Sistemi di Elaborazione/Tesina/Esercizio14/Handshaking_Completo_4_Fasi/Entita_A.vhd" sub00/vhpl00 1582363814
