V3 3
FL "C:/Users/Guido Di Chiara/Documents/Semestre Corrente/Architettura dei Sistemi di Elaborazione/Tesina/Esercizio14/Handshaking_Completo_4_Fasi/Entita_A.vhd" 2020/02/22.10:30:11 P.58f
EN work/Entita_A 1582363814 \
      FL "C:/Users/Guido Di Chiara/Documents/Semestre Corrente/Architettura dei Sistemi di Elaborazione/Tesina/Esercizio14/Handshaking_Completo_4_Fasi/Entita_A.vhd" \
      PB ieee/std_logic_1164 1364358218
AR work/Entita_A/Behavioral 1582363815 \
      FL "C:/Users/Guido Di Chiara/Documents/Semestre Corrente/Architettura dei Sistemi di Elaborazione/Tesina/Esercizio14/Handshaking_Completo_4_Fasi/Entita_A.vhd" \
      EN work/Entita_A 1582363814
