EN mux_8_1 NULL "C:/Users/Guido Di Chiara/Documents/Semestre Corrente/Architettura dei Sistemi di Elaborazione/Tesina nuova/Esercizio1/mux_8_1.vhd" sub00/vhpl04 1580302539
AR mux_4_1 structural "C:/Users/Guido Di Chiara/Documents/Semestre Corrente/Architettura dei Sistemi di Elaborazione/Tesina nuova/Esercizio1/mux_4_1.vhd" sub00/vhpl03 1580302538
EN mux_2_1 NULL "C:/Users/Guido Di Chiara/Documents/Semestre Corrente/Architettura dei Sistemi di Elaborazione/Tesina nuova/Esercizio1/mux_2_1.vhd" sub00/vhpl00 1580302535
EN mux_4_1 NULL "C:/Users/Guido Di Chiara/Documents/Semestre Corrente/Architettura dei Sistemi di Elaborazione/Tesina nuova/Esercizio1/mux_4_1.vhd" sub00/vhpl02 1580302537
AR mux_2_1 dataflow "C:/Users/Guido Di Chiara/Documents/Semestre Corrente/Architettura dei Sistemi di Elaborazione/Tesina nuova/Esercizio1/mux_2_1.vhd" sub00/vhpl01 1580302536
AR mux_8_1 structural "C:/Users/Guido Di Chiara/Documents/Semestre Corrente/Architettura dei Sistemi di Elaborazione/Tesina nuova/Esercizio1/mux_8_1.vhd" sub00/vhpl05 1580302540
