EN mux_4_1_nbit NULL "C:/Users/Guido Di Chiara/Documents/Semestre Corrente/Architettura dei Sistemi di Elaborazione/Esercizio1/MUX_4_1_Nbit.vhd" sub00/vhpl02 1580311411
AR mux_4_1_nbit structural "C:/Users/Guido Di Chiara/Documents/Semestre Corrente/Architettura dei Sistemi di Elaborazione/Esercizio1/MUX_4_1_Nbit.vhd" sub00/vhpl03 1580311412
EN mux_8_1_nbit NULL "C:/Users/Guido Di Chiara/Documents/Semestre Corrente/Architettura dei Sistemi di Elaborazione/Esercizio1/MUX_8_1_Nbit.vhd" sub00/vhpl04 1580311413
AR mux_2_1_nbit dataflow "C:/Users/Guido Di Chiara/Documents/Semestre Corrente/Architettura dei Sistemi di Elaborazione/Esercizio1/MUX_2_1_Nbit.vhd" sub00/vhpl01 1580311410
EN mux_2_1_nbit NULL "C:/Users/Guido Di Chiara/Documents/Semestre Corrente/Architettura dei Sistemi di Elaborazione/Esercizio1/MUX_2_1_Nbit.vhd" sub00/vhpl00 1580311409
AR mux_8_1_nbit structural "C:/Users/Guido Di Chiara/Documents/Semestre Corrente/Architettura dei Sistemi di Elaborazione/Esercizio1/MUX_8_1_Nbit.vhd" sub00/vhpl05 1580311414
